BL51 BANKED LINKER/LOCATER V6.22                                                        07/04/2020  18:21:26  PAGE 1


BL51 BANKED LINKER/LOCATER V6.22, INVOKED BY:
D:\MDK5\C51\BIN\BL51.EXE .\Objects\STARTUP.obj, .\Objects\delay.obj, .\Objects\SPI.obj, .\Objects\TEST.obj, .\Objects\i2
>> c.obj, .\Objects\OLED.obj TO .\Objects\TEST PRINT (.\Listings\TEST.m51) RAMSIZE (256)


MEMORY MODEL: SMALL


INPUT MODULES INCLUDED:
  .\Objects\STARTUP.obj (?C_STARTUP)
  .\Objects\delay.obj (DELAY)
  .\Objects\SPI.obj (SPI)
  .\Objects\TEST.obj (TEST)
  .\Objects\i2c.obj (I2C)
  .\Objects\OLED.obj (OLED)
  D:\MDK5\C51\LIB\C51S.LIB (?C_INIT)
  D:\MDK5\C51\LIB\C51S.LIB (?C?COPY)
  D:\MDK5\C51\LIB\C51S.LIB (?C?CLDOPTR)


LINK MAP OF MODULE:  .\Objects\TEST (?C_STARTUP)


            TYPE    BASE      LENGTH    RELOCATION   SEGMENT NAME
            -----------------------------------------------------

            * * * * * * *   D A T A   M E M O R Y   * * * * * * *
            REG     0000H     0008H     ABSOLUTE     "REG BANK 0"
            DATA    0008H     0028H     UNIT         ?DT?SPI
            DATA    0030H     0019H     UNIT         _DATA_GROUP_
            DATA    0049H     0005H     UNIT         ?DT?_SPI_WRITE_AND_READ?SPI
            DATA    004EH     0004H     UNIT         ?DT?_SPI2_WRITE_AND_READ_BYTE?SPI
            DATA    0052H     0004H     UNIT         ?DT?TEST
            DATA    0056H     0002H     UNIT         ?DT?IIC_READ_BIT?I2C
            IDATA   0058H     0001H     UNIT         ?STACK

            * * * * * * *  X D A T A   M E M O R Y  * * * * * * *
            XDATA   0000H     05B0H     UNIT         ?XD?OLED
            XDATA   05B0H     0010H     UNIT         ?XD?TEST

            * * * * * * *   C O D E   M E M O R Y   * * * * * * *
            CODE    0000H     0003H     ABSOLUTE     
            CODE    0003H     05C8H     UNIT         ?C_INITSEG
            CODE    05CBH     0123H     UNIT         ?C?LIB_CODE
            CODE    06EEH     00F2H     UNIT         ?PR?OLED_INIT?OLED
            CODE    07E0H     00ADH     UNIT         ?PR?_OLED_P8X16STR?OLED
            CODE    088DH     008CH     UNIT         ?C_C51STARTUP
            CODE    0919H     0072H     UNIT         ?PR?_SPI2_WRITE_AND_READ_BYTE?SPI
            CODE    098BH     0053H     UNIT         ?PR?_OLED_WRITE?OLED
            CODE    09DEH     0047H     UNIT         ?PR?_IIC_WRITE?I2C
            CODE    0A25H     0045H     UNIT         ?PR?_SPI_WRITE_AND_READ?SPI
            CODE    0A6AH     0040H     UNIT         ?PR?_SPI_READ_AND_WRITE?SPI
            CODE    0AAAH     003EH     UNIT         ?PR?_IIC_WITE_BIT?I2C
            CODE    0AE8H     0036H     UNIT         ?PR?IIC_READ_BIT?I2C
            CODE    0B1EH     0035H     UNIT         ?PR?IIC_ACK?I2C
            CODE    0B53H     002CH     UNIT         ?PR?MAIN?TEST
            CODE    0B7FH     0026H     UNIT         ?PR?_OLED_FILL?OLED
            CODE    0BA5H     0021H     UNIT         ?PR?_OLED_SET_POS?OLED
BL51 BANKED LINKER/LOCATER V6.22                                                      07/04/2020  18:21:26  PAGE 2


            CODE    0BC6H     0018H     UNIT         ?PR?_DELAYX00MS?DELAY
            CODE    0BDEH     0017H     UNIT         ?PR?IIC_STOP?I2C
            CODE    0BF5H     0013H     UNIT         ?PR?_DELAYXMS?DELAY
            CODE    0C08H     0013H     UNIT         ?PR?IIC_START?I2C
            CODE    0C1BH     000EH     UNIT         ?PR?_DELAYX0US?DELAY
            CODE    0C29H     0006H     UNIT         ?CO?OLED



OVERLAY MAP OF MODULE:   .\Objects\TEST (?C_STARTUP)


SEGMENT                                     DATA_GROUP 
  +--> CALLED SEGMENT                     START    LENGTH
---------------------------------------------------------
?C_C51STARTUP                             -----    -----
  +--> ?PR?MAIN?TEST
  +--> ?C_INITSEG

?PR?MAIN?TEST                             -----    -----
  +--> ?PR?_DELAYX00MS?DELAY
  +--> ?PR?OLED_INIT?OLED
  +--> ?PR?_SPI_READ_AND_WRITE?SPI
  +--> ?PR?_OLED_P8X16STR?OLED

?PR?OLED_INIT?OLED                        -----    -----
  +--> ?PR?_OLED_WRITE?OLED
  +--> ?PR?_OLED_FILL?OLED
  +--> ?PR?_OLED_SET_POS?OLED

?PR?_OLED_WRITE?OLED                      0039H    0008H
  +--> ?CO?OLED
  +--> ?PR?_IIC_WRITE?I2C

?PR?_IIC_WRITE?I2C                        0041H    0005H
  +--> ?PR?IIC_START?I2C
  +--> ?PR?_IIC_WITE_BIT?I2C
  +--> ?PR?IIC_STOP?I2C

?PR?IIC_START?I2C                         -----    -----
  +--> ?PR?_DELAYX0US?DELAY

?PR?_IIC_WITE_BIT?I2C                     0046H    0002H
  +--> ?PR?_DELAYX0US?DELAY
  +--> ?PR?IIC_ACK?I2C

?PR?IIC_ACK?I2C                           0048H    0001H
  +--> ?PR?_DELAYX0US?DELAY

?PR?IIC_STOP?I2C                          -----    -----
  +--> ?PR?_DELAYX0US?DELAY

?PR?_OLED_FILL?OLED                       0030H    0001H
  +--> ?PR?_OLED_WRITE?OLED

?PR?_OLED_SET_POS?OLED                    0038H    0001H
  +--> ?PR?_OLED_WRITE?OLED
BL51 BANKED LINKER/LOCATER V6.22                                                      07/04/2020  18:21:26  PAGE 3



?PR?_OLED_P8X16STR?OLED                   0030H    0008H
  +--> ?PR?_OLED_SET_POS?OLED
  +--> ?PR?_OLED_WRITE?OLED



SYMBOL TABLE OF MODULE:  .\Objects\TEST (?C_STARTUP)

  VALUE           TYPE          NAME
  ----------------------------------

  -------         MODULE        ?C_STARTUP
  C:088DH         SEGMENT       ?C_C51STARTUP
  I:0058H         SEGMENT       ?STACK
  C:0000H         PUBLIC        ?C_STARTUP
  D:00E0H         SYMBOL        ACC
  D:00F0H         SYMBOL        B
  D:0083H         SYMBOL        DPH
  D:0082H         SYMBOL        DPL
  N:0000H         SYMBOL        IBPSTACK
  N:0100H         SYMBOL        IBPSTACKTOP
  N:0080H         SYMBOL        IDATALEN
  C:0890H         SYMBOL        IDATALOOP
  N:0000H         SYMBOL        PBPSTACK
  N:0100H         SYMBOL        PBPSTACKTOP
  N:0000H         SYMBOL        PDATALEN
  N:0000H         SYMBOL        PDATASTART
  N:0000H         SYMBOL        PPAGE
  N:0000H         SYMBOL        PPAGEENABLE
  D:00A0H         SYMBOL        PPAGE_SFR
  D:0081H         SYMBOL        SP
  C:088DH         SYMBOL        STARTUP1
  N:0000H         SYMBOL        XBPSTACK
  N:0000H         SYMBOL        XBPSTACKTOP
  N:0000H         SYMBOL        XDATALEN
  N:0000H         SYMBOL        XDATASTART
  C:0000H         LINE#         126
  C:088DH         LINE#         133
  C:088FH         LINE#         134
  C:0890H         LINE#         135
  C:0891H         LINE#         136
  C:0893H         LINE#         185
  C:0896H         LINE#         196
  -------         ENDMOD        ?C_STARTUP

  -------         MODULE        DELAY
  C:0000H         SYMBOL        _ICE_DUMMY_
  C:0C1BH         PUBLIC        _Delayx0us
  C:0BC6H         PUBLIC        _Delayx00ms
  C:0BF5H         PUBLIC        _Delayxms
  -------         PROC          _DELAYX0US
  D:0007H         SYMBOL        x
  -------         DO            
  D:0006H         SYMBOL        i
  -------         ENDDO         
  C:0C1BH         LINE#         4
BL51 BANKED LINKER/LOCATER V6.22                                                      07/04/2020  18:21:26  PAGE 4


  C:0C1BH         LINE#         5
  C:0C1BH         LINE#         7
  C:0C21H         LINE#         8
  C:0C21H         LINE#         9
  C:0C23H         LINE#         10
  C:0C25H         LINE#         12
  C:0C28H         LINE#         13
  -------         ENDPROC       _DELAYX0US
  -------         PROC          _DELAYXMS
  D:0007H         SYMBOL        x
  -------         DO            
  D:0006H         SYMBOL        i
  D:0005H         SYMBOL        j
  -------         ENDDO         
  C:0BF5H         LINE#         15
  C:0BF5H         LINE#         16
  C:0BF5H         LINE#         18
  C:0BFBH         LINE#         19
  C:0BFBH         LINE#         20
  C:0BFCH         LINE#         21
  C:0BFEH         LINE#         22
  C:0C00H         LINE#         24
  C:0C00H         LINE#         25
  C:0C02H         LINE#         26
  C:0C04H         LINE#         27
  C:0C07H         LINE#         28
  -------         ENDPROC       _DELAYXMS
  -------         PROC          _DELAYX00MS
  D:0007H         SYMBOL        x
  -------         DO            
  D:0006H         SYMBOL        i
  D:0005H         SYMBOL        j
  D:0004H         SYMBOL        k
  -------         ENDDO         
  C:0BC6H         LINE#         30
  C:0BC6H         LINE#         31
  C:0BC6H         LINE#         33
  C:0BCCH         LINE#         34
  C:0BCCH         LINE#         35
  C:0BCDH         LINE#         36
  C:0BCEH         LINE#         37
  C:0BD0H         LINE#         38
  C:0BD2H         LINE#         39
  C:0BD4H         LINE#         41
  C:0BD4H         LINE#         43
  C:0BD4H         LINE#         44
  C:0BD6H         LINE#         46
  C:0BD8H         LINE#         47
  C:0BDAH         LINE#         48
  C:0BDDH         LINE#         49
  -------         ENDPROC       _DELAYX00MS
  -------         ENDMOD        DELAY

  -------         MODULE        SPI
  C:0000H         SYMBOL        _ICE_DUMMY_
  D:0090H         PUBLIC        P1
  D:00B0H         PUBLIC        P3
BL51 BANKED LINKER/LOCATER V6.22                                                      07/04/2020  18:21:26  PAGE 5


  D:00A8H         PUBLIC        IE
  B:0090H.4       PUBLIC        CS
  D:00B8H         PUBLIC        IP
  B:0090H.5       PUBLIC        SCLK
  C:0A25H         PUBLIC        _SPI_Write_And_Read
  C:0A6AH         PUBLIC        _SPI_Read_And_Write
  D:0098H         PUBLIC        SCON
  D:0088H         PUBLIC        TCON
  B:0090H.6       PUBLIC        MISO
  B:0090H.7       PUBLIC        MOSI
  D:0008H         PUBLIC        SPI_array_r
  D:001CH         PUBLIC        SPI_array_s
  C:0919H         PUBLIC        _SPI2_Write_And_Read_Byte
  D:00C8H         PUBLIC        T2CON
  D:00D0H         PUBLIC        PSW
  -------         PROC          _SPI2_WRITE_AND_READ_BYTE
  D:004EH         SYMBOL        dat
  -------         DO            
  D:004FH         SYMBOL        ret_data
  D:0050H         SYMBOL        n
  D:0051H         SYMBOL        m
  -------         ENDDO         
  C:0919H         LINE#         14
  C:091BH         LINE#         15
  C:091BH         LINE#         18
  C:091DH         LINE#         19
  C:091FH         LINE#         20
  C:0922H         LINE#         21
  C:0924H         LINE#         22
  C:0929H         LINE#         23
  C:092CH         LINE#         24
  C:092CH         LINE#         25
  C:092EH         LINE#         26
  C:0945H         LINE#         27
  C:094AH         LINE#         28
  C:094BH         LINE#         29
  C:094DH         LINE#         30
  C:0962H         LINE#         31
  C:0971H         LINE#         32
  C:0976H         LINE#         33
  C:0977H         LINE#         35
  C:0982H         LINE#         36
  C:0984H         LINE#         37
  C:0986H         LINE#         38
  C:0988H         LINE#         39
  C:098AH         LINE#         40
  -------         ENDPROC       _SPI2_WRITE_AND_READ_BYTE
  -------         PROC          _SPI_READ_AND_WRITE
  D:0005H         SYMBOL        dat
  -------         DO            
  D:0003H         SYMBOL        ret_data
  D:0002H         SYMBOL        n
  D:0001H         SYMBOL        m
  -------         ENDDO         
  C:0A6AH         LINE#         42
  C:0A6CH         LINE#         43
  C:0A6CH         LINE#         44
BL51 BANKED LINKER/LOCATER V6.22                                                      07/04/2020  18:21:26  PAGE 6


  C:0A6EH         LINE#         46
  C:0A71H         LINE#         47
  C:0A71H         LINE#         48
  C:0A73H         LINE#         49
  C:0A75H         LINE#         50
  C:0A76H         LINE#         51
  C:0A76H         LINE#         52
  C:0A79H         LINE#         53
  C:0A8FH         LINE#         54
  C:0A92H         LINE#         55
  C:0AA1H         LINE#         56
  C:0AA5H         LINE#         57
  C:0AA7H         LINE#         58
  C:0AA7H         LINE#         59
  C:0AA9H         LINE#         60
  -------         ENDPROC       _SPI_READ_AND_WRITE
  -------         PROC          _SPI_WRITE_AND_READ
  D:0049H         SYMBOL        x
  D:004CH         SYMBOL        y
  -------         DO            
  D:004DH         SYMBOL        n
  -------         ENDDO         
  C:0A25H         LINE#         62
  C:0A2DH         LINE#         63
  C:0A2DH         LINE#         65
  C:0A2FH         LINE#         66
  C:0A3FH         LINE#         67
  C:0A3FH         LINE#         68
  C:0A5DH         LINE#         69
  C:0A61H         LINE#         70
  C:0A63H         LINE#         71
  C:0A69H         LINE#         72
  -------         ENDPROC       _SPI_WRITE_AND_READ
  -------         ENDMOD        SPI

  -------         MODULE        TEST
  C:0000H         SYMBOL        _ICE_DUMMY_
  D:0080H         PUBLIC        P0
  D:0090H         PUBLIC        P1
  D:00A0H         PUBLIC        P2
  D:00B0H         PUBLIC        P3
  D:00C0H         PUBLIC        P4
  D:00C8H         PUBLIC        P5
  D:00E8H         PUBLIC        P6
  D:00F8H         PUBLIC        P7
  D:0052H         PUBLIC        COUNT
  D:00A8H         PUBLIC        IE
  D:00B8H         PUBLIC        IP
  X:05B0H         PUBLIC        array
  D:00D8H         PUBLIC        CCON
  C:0B53H         PUBLIC        main
  D:0098H         PUBLIC        SCON
  D:0088H         PUBLIC        TCON
  D:0054H         PUBLIC        k
  D:0055H         PUBLIC        n
  D:00D0H         PUBLIC        PSW
  -------         PROC          MAIN
BL51 BANKED LINKER/LOCATER V6.22                                                      07/04/2020  18:21:26  PAGE 7


  C:0B53H         LINE#         12
  C:0B53H         LINE#         13
  C:0B53H         LINE#         14
  C:0B58H         LINE#         15
  C:0B5BH         LINE#         16
  C:0B60H         LINE#         18
  C:0B60H         LINE#         19
  C:0B60H         LINE#         20
  C:0B6AH         LINE#         21
  C:0B6CH         LINE#         22
  C:0B6CH         LINE#         23
  C:0B78H         LINE#         24
  C:0B7DH         LINE#         25
  C:0B7DH         LINE#         26
  -------         ENDPROC       MAIN
  -------         ENDMOD        TEST

  -------         MODULE        I2C
  C:0000H         SYMBOL        _ICE_DUMMY_
  D:0080H         PUBLIC        P0
  D:0090H         PUBLIC        P1
  D:00A0H         PUBLIC        P2
  D:00B0H         PUBLIC        P3
  D:00C0H         PUBLIC        P4
  D:00C8H         PUBLIC        P5
  D:00E8H         PUBLIC        P6
  C:0B1EH         PUBLIC        IIC_ACK
  D:00F8H         PUBLIC        P7
  D:00A8H         PUBLIC        IE
  B:00C0H.0       PUBLIC        IIC_SDA
  B:00C0H.1       PUBLIC        IIC_SCL
  D:00B8H         PUBLIC        IP
  D:00D8H         PUBLIC        CCON
  D:0098H         PUBLIC        SCON
  D:0088H         PUBLIC        TCON
  C:0AE8H         PUBLIC        IIC_Read_Bit
  C:09DEH         PUBLIC        _IIC_Write
  C:0C08H         PUBLIC        IIC_Start
  C:0AAAH         PUBLIC        _IIC_Wite_Bit
  C:0BDEH         PUBLIC        IIC_Stop
  D:00D0H         PUBLIC        PSW
  -------         PROC          IIC_START
  C:0C08H         LINE#         9
  C:0C08H         LINE#         10
  C:0C08H         LINE#         11
  C:0C0AH         LINE#         12
  C:0C0CH         LINE#         13
  C:0C11H         LINE#         14
  C:0C13H         LINE#         15
  C:0C18H         LINE#         16
  C:0C1AH         LINE#         17
  -------         ENDPROC       IIC_START
  -------         PROC          IIC_ACK
  -------         DO            
  D:0048H         SYMBOL        count
  -------         ENDDO         
  C:0B1EH         LINE#         20
BL51 BANKED LINKER/LOCATER V6.22                                                      07/04/2020  18:21:26  PAGE 8


  C:0B1EH         LINE#         21
  C:0B1EH         LINE#         22
  C:0B21H         LINE#         23
  C:0B23H         LINE#         24
  C:0B25H         LINE#         25
  C:0B2AH         LINE#         26
  C:0B2CH         LINE#         27
  C:0B2FH         LINE#         28
  C:0B2FH         LINE#         29
  C:0B31H         LINE#         30
  C:0B36H         LINE#         31
  C:0B3FH         LINE#         32
  C:0B3FH         LINE#         34
  C:0B41H         LINE#         35
  C:0B46H         LINE#         36
  C:0B49H         LINE#         37
  C:0B49H         LINE#         38
  C:0B49H         LINE#         39
  C:0B4BH         LINE#         40
  C:0B50H         LINE#         41
  C:0B52H         LINE#         42
  -------         ENDPROC       IIC_ACK
  -------         PROC          IIC_STOP
  C:0BDEH         LINE#         44
  C:0BDEH         LINE#         45
  C:0BDEH         LINE#         46
  C:0BE0H         LINE#         47
  C:0BE2H         LINE#         48
  C:0BE7H         LINE#         49
  C:0BE9H         LINE#         50
  C:0BEEH         LINE#         51
  C:0BF0H         LINE#         52
  -------         ENDPROC       IIC_STOP
  -------         PROC          _IIC_WITE_BIT
  D:0046H         SYMBOL        x
  -------         DO            
  D:0047H         SYMBOL        n
  -------         ENDDO         
  C:0AAAH         LINE#         55
  C:0AACH         LINE#         56
  C:0AACH         LINE#         58
  C:0AAEH         LINE#         59
  C:0AB3H         LINE#         60
  C:0AB6H         LINE#         61
  C:0AB6H         LINE#         62
  C:0AB8H         LINE#         63
  C:0ACCH         LINE#         64
  C:0ACEH         LINE#         65
  C:0AD3H         LINE#         66
  C:0AD5H         LINE#         67
  C:0ADAH         LINE#         68
  C:0AE5H         LINE#         69
  -------         ENDPROC       _IIC_WITE_BIT
  -------         PROC          IIC_READ_BIT
  -------         DO            
  D:0056H         SYMBOL        n
  D:0057H         SYMBOL        m
BL51 BANKED LINKER/LOCATER V6.22                                                      07/04/2020  18:21:26  PAGE 9


  -------         ENDDO         
  C:0AE8H         LINE#         72
  C:0AE8H         LINE#         73
  C:0AE8H         LINE#         75
  C:0AEBH         LINE#         76
  C:0AEBH         LINE#         77
  C:0AEEH         LINE#         78
  C:0AF3H         LINE#         79
  C:0B02H         LINE#         80
  C:0B05H         LINE#         81
  C:0B05H         LINE#         82
  C:0B08H         LINE#         83
  C:0B0AH         LINE#         85
  C:0B0AH         LINE#         86
  C:0B0AH         LINE#         87
  C:0B0AH         LINE#         88
  C:0B0DH         LINE#         89
  C:0B12H         LINE#         90
  C:0B1BH         LINE#         91
  C:0B1DH         LINE#         92
  -------         ENDPROC       IIC_READ_BIT
  -------         PROC          _IIC_WRITE
  D:0041H         SYMBOL        x
  D:0042H         SYMBOL        y
  -------         DO            
  D:0045H         SYMBOL        n
  -------         ENDDO         
  C:09DEH         LINE#         94
  C:09E6H         LINE#         95
  C:09E6H         LINE#         96
  C:09E9H         LINE#         97
  C:09ECH         LINE#         98
  C:0A01H         LINE#         99
  C:0A0BH         LINE#         100
  C:0A0BH         LINE#         101
  C:0A1EH         LINE#         102
  C:0A22H         LINE#         103
  -------         ENDPROC       _IIC_WRITE
  -------         ENDMOD        I2C

  -------         MODULE        OLED
  C:0000H         SYMBOL        _ICE_DUMMY_
  C:0B7FH         PUBLIC        _OLED_Fill
  C:0990H         PUBLIC        _OLED_Write
  C:06EEH         PUBLIC        OLED_Init
  C:07E0H         PUBLIC        _OLED_P8x16Str
  X:0000H         PUBLIC        F8X16
  C:0C29H         SYMBOL        _?ix1000
  C:0C2CH         SYMBOL        _?ix1001
  C:0BA5H         PUBLIC        _OLED_Set_Pos
  -------         PROC          _OLED_P8X16STR
  D:0030H         SYMBOL        x
  D:0031H         SYMBOL        y
  D:0032H         SYMBOL        ch
  -------         DO            
  D:0035H         SYMBOL        c
  D:0036H         SYMBOL        i
BL51 BANKED LINKER/LOCATER V6.22                                                      07/04/2020  18:21:26  PAGE 10


  D:0037H         SYMBOL        j
  -------         ENDDO         
  C:07E0H         LINE#         99
  C:07EAH         LINE#         100
  C:07EAH         LINE#         101
  C:07F1H         LINE#         102
  C:0805H         LINE#         103
  C:0805H         LINE#         104
  C:0809H         LINE#         105
  C:0810H         LINE#         106
  C:0810H         LINE#         107
  C:0813H         LINE#         108
  C:0815H         LINE#         109
  C:0815H         LINE#         110
  C:081CH         LINE#         111
  C:081FH         LINE#         112
  C:084AH         LINE#         113
  C:0853H         LINE#         114
  C:0856H         LINE#         115
  C:0881H         LINE#         116
  C:0887H         LINE#         117
  C:0889H         LINE#         118
  C:088CH         LINE#         119
  -------         ENDPROC       _OLED_P8X16STR
  -------         PROC          OLED_INIT
  C:06EEH         LINE#         121
  C:06EEH         LINE#         122
  C:06EEH         LINE#         123
  C:06F5H         LINE#         124
  C:06FCH         LINE#         125
  C:0703H         LINE#         126
  C:070AH         LINE#         127
  C:0711H         LINE#         128
  C:0718H         LINE#         129
  C:071FH         LINE#         130
  C:0726H         LINE#         131
  C:072DH         LINE#         132
  C:0734H         LINE#         133
  C:073BH         LINE#         134
  C:0742H         LINE#         135
  C:0749H         LINE#         136
  C:0750H         LINE#         137
  C:0757H         LINE#         138
  C:075EH         LINE#         139
  C:0765H         LINE#         140
  C:076CH         LINE#         141
  C:0773H         LINE#         142
  C:077AH         LINE#         143
  C:0781H         LINE#         144
  C:0788H         LINE#         145
  C:078FH         LINE#         146
  C:0796H         LINE#         147
  C:079DH         LINE#         148
  C:07A4H         LINE#         149
  C:07ABH         LINE#         150
  C:07B2H         LINE#         152
  C:07B7H         LINE#         153
BL51 BANKED LINKER/LOCATER V6.22                                                      07/04/2020  18:21:26  PAGE 11


  C:07BCH         LINE#         154
  C:07C1H         LINE#         155
  C:07C6H         LINE#         156
  C:07CBH         LINE#         157
  C:07D0H         LINE#         158
  C:07D5H         LINE#         159
  C:07DAH         LINE#         160
  -------         ENDPROC       OLED_INIT
  -------         PROC          _OLED_FILL
  D:0007H         SYMBOL        y
  -------         DO            
  D:0030H         SYMBOL        n
  -------         ENDDO         
  C:0B7FH         LINE#         163
  C:0B7FH         LINE#         164
  C:0B7FH         LINE#         166
  C:0B83H         LINE#         167
  C:0B8AH         LINE#         168
  C:0B91H         LINE#         169
  C:0B94H         LINE#         170
  C:0BA4H         LINE#         171
  -------         ENDPROC       _OLED_FILL
  -------         PROC          _OLED_SET_POS
  D:0038H         SYMBOL        x
  D:0005H         SYMBOL        y
  C:0BA5H         LINE#         173
  C:0BA7H         LINE#         174
  C:0BA7H         LINE#         175
  C:0BABH         LINE#         176
  C:0BBAH         LINE#         177
  -------         ENDPROC       _OLED_SET_POS
  -------         PROC          L?0022
  -------         ENDPROC       L?0022
  -------         PROC          _OLED_WRITE
  D:0039H         SYMBOL        x
  D:003AH         SYMBOL        y
  -------         DO            
  D:003BH         SYMBOL        array_1
  D:003EH         SYMBOL        array_2
  -------         ENDDO         
  C:0990H         LINE#         180
  C:0994H         LINE#         181
  C:0994H         LINE#         182
  C:09A7H         LINE#         183
  C:09BAH         LINE#         184
  C:09BDH         LINE#         185
  C:09C0H         LINE#         186
  C:09C5H         LINE#         187
  C:09C5H         LINE#         188
  C:09CBH         LINE#         189
  C:09CDH         LINE#         190
  C:09D2H         LINE#         191
  C:09D2H         LINE#         192
  C:09DDH         LINE#         193
  C:09DDH         LINE#         194
  -------         ENDPROC       _OLED_WRITE
  -------         ENDMOD        OLED
BL51 BANKED LINKER/LOCATER V6.22                                                      07/04/2020  18:21:26  PAGE 12



  -------         MODULE        ?C?COPY
  C:069BH         PUBLIC        ?C?COPY
  -------         ENDMOD        ?C?COPY

  -------         MODULE        ?C?CLDOPTR
  C:06C1H         PUBLIC        ?C?CLDOPTR
  -------         ENDMOD        ?C?CLDOPTR

*** WARNING L16: UNCALLED SEGMENT, IGNORED FOR OVERLAY PROCESS
    SEGMENT: ?PR?_DELAYXMS?DELAY

*** WARNING L16: UNCALLED SEGMENT, IGNORED FOR OVERLAY PROCESS
    SEGMENT: ?PR?_SPI_WRITE_AND_READ?SPI

*** WARNING L16: UNCALLED SEGMENT, IGNORED FOR OVERLAY PROCESS
    SEGMENT: ?PR?IIC_READ_BIT?I2C

Program Size: data=89.0 xdata=1472 code=3119
LINK/LOCATE RUN COMPLETE.  3 WARNING(S),  0 ERROR(S)
