BL51 BANKED LINKER/LOCATER V6.22                                                        06/17/2020  00:01:58  PAGE 1


BL51 BANKED LINKER/LOCATER V6.22, INVOKED BY:
D:\MDK5\C51\BIN\BL51.EXE .\Objects\STARTUP.obj, .\Objects\test.obj, .\Objects\Digital.obj TO .\Objects\test PRINT (.\Lis
>> tings\test.m51) RAMSIZE (256)


MEMORY MODEL: SMALL


INPUT MODULES INCLUDED:
  .\Objects\STARTUP.obj (?C_STARTUP)
  .\Objects\test.obj (TEST)
  .\Objects\Digital.obj (DIGITAL)
  D:\MDK5\C51\LIB\C51S.LIB (?C_INIT)
  D:\MDK5\C51\LIB\C51S.LIB (?C?IMUL)
  D:\MDK5\C51\LIB\C51S.LIB (?C?UIDIV)


LINK MAP OF MODULE:  .\Objects\test (?C_STARTUP)


            TYPE    BASE      LENGTH    RELOCATION   SEGMENT NAME
            -----------------------------------------------------

            * * * * * * *   D A T A   M E M O R Y   * * * * * * *
            REG     0000H     0008H     ABSOLUTE     "REG BANK 0"
            DATA    0008H     0019H     UNIT         ?DT?DIGITAL
            DATA    0021H     0004H     UNIT         ?DT?TEST
            DATA    0025H     0004H     UNIT         _DATA_GROUP_
            IDATA   0029H     0001H     UNIT         ?STACK

            * * * * * * *   C O D E   M E M O R Y   * * * * * * *
            CODE    0000H     0003H     ABSOLUTE     
                    0003H     0008H                  *** GAP ***
            CODE    000BH     0003H     ABSOLUTE     
            CODE    000EH     008CH     UNIT         ?C_C51STARTUP
            CODE    009AH     006CH     UNIT         ?PR?_SHOU_DIGITAL?DIGITAL
            CODE    0106H     0067H     UNIT         ?C?LIB_CODE
            CODE    016DH     0043H     UNIT         ?PR?MAIN?TEST
            CODE    01B0H     003FH     UNIT         ?PR?TIM0_IRQ?TEST
            CODE    01EFH     002CH     UNIT         ?PR?_SHOW_BIT?DIGITAL
            CODE    021BH     0024H     UNIT         ?C_INITSEG
            CODE    023FH     0013H     UNIT         ?PR?TIMER0INIT?TEST



OVERLAY MAP OF MODULE:   .\Objects\test (?C_STARTUP)


SEGMENT                             DATA_GROUP 
  +--> CALLED SEGMENT             START    LENGTH
-------------------------------------------------
?C_C51STARTUP                     -----    -----
  +--> ?PR?MAIN?TEST
  +--> ?C_INITSEG

?PR?MAIN?TEST                     -----    -----
  +--> ?PR?TIMER0INIT?TEST

BL51 BANKED LINKER/LOCATER V6.22                                                      06/17/2020  00:01:58  PAGE 2


*** NEW ROOT ***************************************************

?PR?TIM0_IRQ?TEST                 -----    -----
  +--> ?PR?_SHOU_DIGITAL?DIGITAL

?PR?_SHOU_DIGITAL?DIGITAL         0025H    0004H
  +--> ?PR?_SHOW_BIT?DIGITAL



SYMBOL TABLE OF MODULE:  .\Objects\test (?C_STARTUP)

  VALUE           TYPE          NAME
  ----------------------------------

  -------         MODULE        ?C_STARTUP
  C:000EH         SEGMENT       ?C_C51STARTUP
  I:0029H         SEGMENT       ?STACK
  C:0000H         PUBLIC        ?C_STARTUP
  D:00E0H         SYMBOL        ACC
  D:00F0H         SYMBOL        B
  D:0083H         SYMBOL        DPH
  D:0082H         SYMBOL        DPL
  N:0000H         SYMBOL        IBPSTACK
  N:0100H         SYMBOL        IBPSTACKTOP
  N:0080H         SYMBOL        IDATALEN
  C:0011H         SYMBOL        IDATALOOP
  N:0000H         SYMBOL        PBPSTACK
  N:0100H         SYMBOL        PBPSTACKTOP
  N:0000H         SYMBOL        PDATALEN
  N:0000H         SYMBOL        PDATASTART
  N:0000H         SYMBOL        PPAGE
  N:0000H         SYMBOL        PPAGEENABLE
  D:00A0H         SYMBOL        PPAGE_SFR
  D:0081H         SYMBOL        SP
  C:000EH         SYMBOL        STARTUP1
  N:0000H         SYMBOL        XBPSTACK
  N:0000H         SYMBOL        XBPSTACKTOP
  N:0000H         SYMBOL        XDATALEN
  N:0000H         SYMBOL        XDATASTART
  C:0000H         LINE#         126
  C:000EH         LINE#         133
  C:0010H         LINE#         134
  C:0011H         LINE#         135
  C:0012H         LINE#         136
  C:0014H         LINE#         185
  C:0017H         LINE#         196
  -------         ENDMOD        ?C_STARTUP

  -------         MODULE        TEST
  C:0000H         SYMBOL        _ICE_DUMMY_
  D:0080H         PUBLIC        P0
  D:0090H         PUBLIC        P1
  D:00A0H         PUBLIC        P2
  D:00B0H         PUBLIC        P3
  D:00C0H         PUBLIC        P4
  D:00C8H         PUBLIC        P5
BL51 BANKED LINKER/LOCATER V6.22                                                      06/17/2020  00:01:58  PAGE 3


  B:00A8H.7       PUBLIC        EA
  D:00E8H         PUBLIC        P6
  D:00F8H         PUBLIC        P7
  D:00A8H         PUBLIC        IE
  D:00B8H         PUBLIC        IP
  D:00D8H         PUBLIC        CCON
  C:016DH         PUBLIC        main
  D:0098H         PUBLIC        SCON
  D:0089H         PUBLIC        TMOD
  D:0088H         PUBLIC        TCON
  D:008EH         PUBLIC        AUXR
  B:00A8H.1       PUBLIC        ET0
  B:0088H.5       PUBLIC        TF0
  C:023FH         PUBLIC        Timer0Init
  D:008CH         PUBLIC        TH0
  D:008AH         PUBLIC        TL0
  B:0088H.4       PUBLIC        TR0
  C:01B0H         PUBLIC        TIM0_IRQ
  D:0021H         PUBLIC        n
  D:0022H         PUBLIC        p
  D:0024H         PUBLIC        w
  D:00D0H         PUBLIC        PSW
  -------         PROC          MAIN
  -------         DO            
  D:0007H         SYMBOL        i
  D:0006H         SYMBOL        j
  D:0005H         SYMBOL        k
  -------         ENDDO         
  C:016DH         LINE#         8
  C:016DH         LINE#         9
  C:016DH         LINE#         11
  C:0170H         LINE#         12
  C:0172H         LINE#         13
  C:0172H         LINE#         14
  C:0172H         LINE#         15
  C:0178H         LINE#         16
  C:0179H         LINE#         17
  C:017AH         LINE#         18
  C:017CH         LINE#         19
  C:017EH         LINE#         20
  C:0180H         LINE#         22
  C:0180H         LINE#         24
  C:0180H         LINE#         25
  C:0182H         LINE#         26
  C:0184H         LINE#         27
  C:0186H         LINE#         30
  C:018CH         LINE#         31
  C:018DH         LINE#         32
  C:018EH         LINE#         33
  C:0190H         LINE#         34
  C:0192H         LINE#         35
  C:0194H         LINE#         37
  C:0194H         LINE#         39
  C:0194H         LINE#         40
  C:0196H         LINE#         41
  C:0198H         LINE#         42
  C:019AH         LINE#         44
BL51 BANKED LINKER/LOCATER V6.22                                                      06/17/2020  00:01:58  PAGE 4


  C:01A0H         LINE#         45
  C:01A1H         LINE#         46
  C:01A2H         LINE#         47
  C:01A4H         LINE#         48
  C:01A6H         LINE#         49
  C:01A8H         LINE#         51
  C:01A8H         LINE#         53
  C:01A8H         LINE#         54
  C:01AAH         LINE#         55
  C:01ACH         LINE#         56
  C:01AEH         LINE#         58
  -------         ENDPROC       MAIN
  -------         PROC          TIM0_IRQ
  C:01B0H         LINE#         61
  C:01CDH         LINE#         63
  C:01D4H         LINE#         64
  -------         ENDPROC       TIM0_IRQ
  -------         PROC          TIMER0INIT
  C:023FH         LINE#         66
  C:023FH         LINE#         67
  C:023FH         LINE#         68
  C:0242H         LINE#         69
  C:0245H         LINE#         70
  C:0248H         LINE#         71
  C:024BH         LINE#         72
  C:024DH         LINE#         73
  C:024FH         LINE#         74
  C:0251H         LINE#         75
  -------         ENDPROC       TIMER0INIT
  -------         ENDMOD        TEST

  -------         MODULE        DIGITAL
  C:0000H         SYMBOL        _ICE_DUMMY_
  D:0080H         PUBLIC        P0
  D:0090H         PUBLIC        P1
  D:00A0H         PUBLIC        P2
  D:00B0H         PUBLIC        P3
  D:00C0H         PUBLIC        P4
  D:00C8H         PUBLIC        P5
  D:00E8H         PUBLIC        P6
  D:00F8H         PUBLIC        P7
  D:00A8H         PUBLIC        IE
  D:00B8H         PUBLIC        IP
  D:00D8H         PUBLIC        CCON
  C:01EFH         PUBLIC        _Show_Bit
  D:0098H         PUBLIC        SCON
  D:0088H         PUBLIC        TCON
  D:0008H         PUBLIC        com
  D:0009H         PUBLIC        array_bit
  C:009AH         PUBLIC        _Shou_Digital
  D:0011H         PUBLIC        NUM_CODE
  D:00D0H         PUBLIC        PSW
  -------         PROC          _SHOU_DIGITAL
  D:0025H         SYMBOL        x
  -------         DO            
  D:0003H         SYMBOL        n
  D:0027H         SYMBOL        p
BL51 BANKED LINKER/LOCATER V6.22                                                      06/17/2020  00:01:58  PAGE 5


  -------         ENDDO         
  C:009AH         LINE#         11
  C:009EH         LINE#         12
  C:009EH         LINE#         14
  C:00A4H         LINE#         15
  C:00A6H         LINE#         16
  C:00A6H         LINE#         17
  C:00BEH         LINE#         18
  C:00CDH         LINE#         19
  C:00D1H         LINE#         20
  C:00D8H         LINE#         21
  C:00E2H         LINE#         22
  C:00EDH         LINE#         23
  C:00EDH         LINE#         24
  C:00F7H         LINE#         25
  C:0105H         LINE#         26
  C:0105H         LINE#         27
  -------         ENDPROC       _SHOU_DIGITAL
  -------         PROC          _SHOW_BIT
  D:0007H         SYMBOL        x
  -------         DO            
  D:0006H         SYMBOL        i
  -------         ENDDO         
  C:01EFH         LINE#         29
  C:01EFH         LINE#         30
  C:01EFH         LINE#         31
  C:01F1H         LINE#         32
  C:01F4H         LINE#         33
  C:01FFH         LINE#         34
  C:0205H         LINE#         35
  C:020DH         LINE#         36
  C:021AH         LINE#         37
  -------         ENDPROC       _SHOW_BIT
  -------         ENDMOD        DIGITAL

  -------         MODULE        ?C?IMUL
  C:0106H         PUBLIC        ?C?IMUL
  -------         ENDMOD        ?C?IMUL

  -------         MODULE        ?C?UIDIV
  C:0118H         PUBLIC        ?C?UIDIV
  -------         ENDMOD        ?C?UIDIV

Program Size: data=42.0 xdata=0 code=586
LINK/LOCATE RUN COMPLETE.  0 WARNING(S),  0 ERROR(S)
