C51 COMPILER V9.54   DIGITAL                                                               06/17/2020 12:17:27 PAGE 1   


C51 COMPILER V9.54, COMPILATION OF MODULE DIGITAL
OBJECT MODULE PLACED IN .\Objects\Digital.obj
COMPILER INVOKED BY: D:\MDK5\C51\BIN\C51.EXE Digital.c OPTIMIZE(8,SPEED) BROWSE DEBUG OBJECTEXTEND PRINT(.\Listings\Digi
                    -tal.lst) OBJECT(.\Objects\Digital.obj)

line level    source

   1          #include "Digital.h"
   2          #include "stc8.h"
   3          
   4          unsigned char NUM_CODE[16] = {
   5              0xC0, 0xF9, 0xA4, 0xB0, 0x99, 0x92, 0x82, 0xF8,
   6              0x80, 0x90, 0x88, 0x83, 0xC6, 0xA1, 0x86, 0x8E};                    //字的CODE
   7          
   8          unsigned char com;
   9          unsigned char array_bit[8] = {1,2,3,4,5};                                               //X位显示的字内容
  10          
  11          void Shou_Digital (unsigned int x)
  12          {
  13   1              unsigned char n;
  14   1              int p = 1;
  15   1              for(n = 0;n < 4;n++)
  16   1              {
  17   2                      array_bit[n] = (x/p)%10;
  18   2                      p*= 10;
  19   2              }
  20   1              Show_Bit(com++);
  21   1              if(com > 3)com = 0;                                             //防止跑偏
  22   1              if(array_bit[3] == 0 && com >= 2 )              //消零
  23   1              {
  24   2                      if(com > 2)com = 0;
  25   2                      if(array_bit[2] == 0 && com > 1)com = 0;
  26   2              }
  27   1      }
  28          
  29          void Show_Bit(unsigned char x)
  30          {
  31   1              unsigned char i = 0x01;
  32   1              P1 |= 0x0F;
  33   1              P2 = NUM_CODE[array_bit[x]];
  34   1              if(x == 1) P2 &= 0x7F;                                  //小数点
  35   1              if(x>3)x = 0;
  36   1              P1 &= ~(i<<x);
  37   1      }


MODULE INFORMATION:   STATIC OVERLAYABLE
   CODE SIZE        =    152    ----
   CONSTANT SIZE    =   ----    ----
   XDATA SIZE       =   ----    ----
   PDATA SIZE       =   ----    ----
   DATA SIZE        =     25       4
   IDATA SIZE       =   ----    ----
   BIT SIZE         =   ----    ----
END OF MODULE INFORMATION.


C51 COMPILATION COMPLETE.  0 WARNING(S),  0 ERROR(S)
