BL51 BANKED LINKER/LOCATER V6.22                                                        06/17/2020  12:54:26  PAGE 1


BL51 BANKED LINKER/LOCATER V6.22, INVOKED BY:
D:\MDK5\C51\BIN\BL51.EXE .\Objects\STARTUP.obj, .\Objects\test.obj, .\Objects\Ultrasonic.obj, .\Objects\Digital.obj TO .
>> \Objects\test PRINT (.\Listings\test.m51) RAMSIZE (256)


MEMORY MODEL: SMALL


INPUT MODULES INCLUDED:
  .\Objects\STARTUP.obj (?C_STARTUP)
  .\Objects\test.obj (TEST)
  .\Objects\Ultrasonic.obj (ULTRASONIC)
  .\Objects\Digital.obj (DIGITAL)
  D:\MDK5\C51\LIB\C51S.LIB (?C_INIT)
  D:\MDK5\C51\LIB\C51S.LIB (?C?IMUL)
  D:\MDK5\C51\LIB\C51S.LIB (?C?UIDIV)


LINK MAP OF MODULE:  .\Objects\test (?C_STARTUP)


            TYPE    BASE      LENGTH    RELOCATION   SEGMENT NAME
            -----------------------------------------------------

            * * * * * * *   D A T A   M E M O R Y   * * * * * * *
            REG     0000H     0008H     ABSOLUTE     "REG BANK 0"
            DATA    0008H     0019H     UNIT         ?DT?DIGITAL
            DATA    0021H     0006H     UNIT         _DATA_GROUP_
            DATA    0027H     0002H     UNIT         ?DT?TEST
            IDATA   0029H     0001H     UNIT         ?STACK

            * * * * * * *   C O D E   M E M O R Y   * * * * * * *
            CODE    0000H     0003H     ABSOLUTE     
                    0003H     0008H                  *** GAP ***
            CODE    000BH     0003H     ABSOLUTE     
            CODE    000EH     008CH     UNIT         ?C_C51STARTUP
            CODE    009AH     006CH     UNIT         ?PR?_SHOU_DIGITAL?DIGITAL
            CODE    0106H     0067H     UNIT         ?C?LIB_CODE
            CODE    016DH     003FH     UNIT         ?PR?TIM0_IRQ?TEST
            CODE    01ACH     0035H     UNIT         ?PR?ULTRASONIC?ULTRASONIC
            CODE    01E1H     002CH     UNIT         ?PR?_SHOW_BIT?DIGITAL
            CODE    020DH     001DH     UNIT         ?C_INITSEG
            CODE    022AH     0018H     UNIT         ?PR?_DELAYX00MS?ULTRASONIC
            CODE    0242H     0013H     UNIT         ?PR?MAIN?TEST
            CODE    0255H     0013H     UNIT         ?PR?TIMER0INIT?TEST
            CODE    0268H     0013H     UNIT         ?PR?_DELAYXMS?ULTRASONIC
            CODE    027BH     000EH     UNIT         ?PR?_DELAYX0US?ULTRASONIC



OVERLAY MAP OF MODULE:   .\Objects\test (?C_STARTUP)


SEGMENT                              DATA_GROUP 
  +--> CALLED SEGMENT              START    LENGTH
--------------------------------------------------
?C_C51STARTUP                      -----    -----
  +--> ?PR?MAIN?TEST
BL51 BANKED LINKER/LOCATER V6.22                                                      06/17/2020  12:54:26  PAGE 2


  +--> ?C_INITSEG

?PR?MAIN?TEST                      -----    -----
  +--> ?PR?TIMER0INIT?TEST
  +--> ?PR?ULTRASONIC?ULTRASONIC
  +--> ?PR?_DELAYX00MS?ULTRASONIC

?PR?ULTRASONIC?ULTRASONIC          0021H    0002H
  +--> ?PR?_DELAYX0US?ULTRASONIC

*** NEW ROOT ***************************************************

?PR?TIM0_IRQ?TEST                  -----    -----
  +--> ?PR?_SHOU_DIGITAL?DIGITAL

?PR?_SHOU_DIGITAL?DIGITAL          0023H    0004H
  +--> ?PR?_SHOW_BIT?DIGITAL



SYMBOL TABLE OF MODULE:  .\Objects\test (?C_STARTUP)

  VALUE           TYPE          NAME
  ----------------------------------

  -------         MODULE        ?C_STARTUP
  C:000EH         SEGMENT       ?C_C51STARTUP
  I:0029H         SEGMENT       ?STACK
  C:0000H         PUBLIC        ?C_STARTUP
  D:00E0H         SYMBOL        ACC
  D:00F0H         SYMBOL        B
  D:0083H         SYMBOL        DPH
  D:0082H         SYMBOL        DPL
  N:0000H         SYMBOL        IBPSTACK
  N:0100H         SYMBOL        IBPSTACKTOP
  N:0080H         SYMBOL        IDATALEN
  C:0011H         SYMBOL        IDATALOOP
  N:0000H         SYMBOL        PBPSTACK
  N:0100H         SYMBOL        PBPSTACKTOP
  N:0000H         SYMBOL        PDATALEN
  N:0000H         SYMBOL        PDATASTART
  N:0000H         SYMBOL        PPAGE
  N:0000H         SYMBOL        PPAGEENABLE
  D:00A0H         SYMBOL        PPAGE_SFR
  D:0081H         SYMBOL        SP
  C:000EH         SYMBOL        STARTUP1
  N:0000H         SYMBOL        XBPSTACK
  N:0000H         SYMBOL        XBPSTACKTOP
  N:0000H         SYMBOL        XDATALEN
  N:0000H         SYMBOL        XDATASTART
  C:0000H         LINE#         126
  C:000EH         LINE#         133
  C:0010H         LINE#         134
  C:0011H         LINE#         135
  C:0012H         LINE#         136
  C:0014H         LINE#         185
  C:0017H         LINE#         196
BL51 BANKED LINKER/LOCATER V6.22                                                      06/17/2020  12:54:26  PAGE 3


  -------         ENDMOD        ?C_STARTUP

  -------         MODULE        TEST
  C:0000H         SYMBOL        _ICE_DUMMY_
  D:0080H         PUBLIC        P0
  D:0090H         PUBLIC        P1
  D:00A0H         PUBLIC        P2
  D:00B0H         PUBLIC        P3
  D:00C0H         PUBLIC        P4
  D:00C8H         PUBLIC        P5
  B:00A8H.7       PUBLIC        EA
  D:00E8H         PUBLIC        P6
  D:00F8H         PUBLIC        P7
  D:00A8H         PUBLIC        IE
  D:00B8H         PUBLIC        IP
  D:00D8H         PUBLIC        CCON
  C:0242H         PUBLIC        main
  D:0098H         PUBLIC        SCON
  D:0089H         PUBLIC        TMOD
  D:0088H         PUBLIC        TCON
  D:008EH         PUBLIC        AUXR
  B:00A8H.1       PUBLIC        ET0
  B:0088H.5       PUBLIC        TF0
  C:0255H         PUBLIC        Timer0Init
  D:008CH         PUBLIC        TH0
  D:008AH         PUBLIC        TL0
  B:0088H.4       PUBLIC        TR0
  C:016DH         PUBLIC        TIM0_IRQ
  D:0027H         PUBLIC        p
  D:00D0H         PUBLIC        PSW
  -------         PROC          MAIN
  C:0242H         LINE#         9
  C:0242H         LINE#         10
  C:0242H         LINE#         11
  C:0244H         LINE#         12
  C:0247H         LINE#         13
  C:0247H         LINE#         14
  C:0247H         LINE#         15
  C:024EH         LINE#         16
  C:0253H         LINE#         17
  -------         ENDPROC       MAIN
  -------         PROC          TIM0_IRQ
  C:016DH         LINE#         20
  C:018AH         LINE#         22
  C:0191H         LINE#         23
  -------         ENDPROC       TIM0_IRQ
  -------         PROC          TIMER0INIT
  C:0255H         LINE#         25
  C:0255H         LINE#         26
  C:0255H         LINE#         27
  C:0258H         LINE#         28
  C:025BH         LINE#         29
  C:025EH         LINE#         30
  C:0261H         LINE#         31
  C:0263H         LINE#         32
  C:0265H         LINE#         33
  C:0267H         LINE#         34
BL51 BANKED LINKER/LOCATER V6.22                                                      06/17/2020  12:54:26  PAGE 4


  -------         ENDPROC       TIMER0INIT
  -------         ENDMOD        TEST

  -------         MODULE        ULTRASONIC
  C:0000H         SYMBOL        _ICE_DUMMY_
  B:00B0H.5       PUBLIC        Echo
  D:0090H         PUBLIC        P1
  D:00B0H         PUBLIC        P3
  C:027BH         PUBLIC        _Delayx0us
  D:00A8H         PUBLIC        IE
  B:00B0H.4       PUBLIC        Trig
  D:00B8H         PUBLIC        IP
  C:01ACH         PUBLIC        Ultrasonic
  C:022AH         PUBLIC        _Delayx00ms
  D:0098H         PUBLIC        SCON
  D:0088H         PUBLIC        TCON
  C:0268H         PUBLIC        _Delayxms
  D:00C8H         PUBLIC        T2CON
  D:00D0H         PUBLIC        PSW
  -------         PROC          ULTRASONIC
  -------         DO            
  D:0021H         SYMBOL        i
  -------         ENDDO         
  C:01ACH         LINE#         8
  C:01ACH         LINE#         9
  C:01ACH         LINE#         10
  C:01B1H         LINE#         11
  C:01B3H         LINE#         12
  C:01B8H         LINE#         13
  C:01BAH         LINE#         14
  C:01BDH         LINE#         15
  C:01BDH         LINE#         16
  C:01C2H         LINE#         17
  C:01CAH         LINE#         18
  C:01CDH         LINE#         19
  C:01E0H         LINE#         20
  C:01E0H         LINE#         21
  -------         ENDPROC       ULTRASONIC
  -------         PROC          _DELAYX0US
  D:0007H         SYMBOL        x
  -------         DO            
  D:0006H         SYMBOL        i
  -------         ENDDO         
  C:027BH         LINE#         23
  C:027BH         LINE#         24
  C:027BH         LINE#         26
  C:0281H         LINE#         27
  C:0281H         LINE#         28
  C:0283H         LINE#         29
  C:0285H         LINE#         31
  C:0288H         LINE#         32
  -------         ENDPROC       _DELAYX0US
  -------         PROC          _DELAYXMS
  D:0007H         SYMBOL        x
  -------         DO            
  D:0006H         SYMBOL        i
  D:0005H         SYMBOL        j
BL51 BANKED LINKER/LOCATER V6.22                                                      06/17/2020  12:54:26  PAGE 5


  -------         ENDDO         
  C:0268H         LINE#         34
  C:0268H         LINE#         35
  C:0268H         LINE#         37
  C:026EH         LINE#         38
  C:026EH         LINE#         39
  C:026FH         LINE#         40
  C:0271H         LINE#         41
  C:0273H         LINE#         43
  C:0273H         LINE#         44
  C:0275H         LINE#         45
  C:0277H         LINE#         46
  C:027AH         LINE#         47
  -------         ENDPROC       _DELAYXMS
  -------         PROC          _DELAYX00MS
  D:0007H         SYMBOL        x
  -------         DO            
  D:0006H         SYMBOL        i
  D:0005H         SYMBOL        j
  D:0004H         SYMBOL        k
  -------         ENDDO         
  C:022AH         LINE#         49
  C:022AH         LINE#         50
  C:022AH         LINE#         52
  C:0230H         LINE#         53
  C:0230H         LINE#         54
  C:0231H         LINE#         55
  C:0232H         LINE#         56
  C:0234H         LINE#         57
  C:0236H         LINE#         58
  C:0238H         LINE#         60
  C:0238H         LINE#         62
  C:0238H         LINE#         63
  C:023AH         LINE#         65
  C:023CH         LINE#         66
  C:023EH         LINE#         67
  C:0241H         LINE#         68
  -------         ENDPROC       _DELAYX00MS
  -------         ENDMOD        ULTRASONIC

  -------         MODULE        DIGITAL
  C:0000H         SYMBOL        _ICE_DUMMY_
  D:0080H         PUBLIC        P0
  D:0090H         PUBLIC        P1
  D:00A0H         PUBLIC        P2
  D:00B0H         PUBLIC        P3
  D:00C0H         PUBLIC        P4
  D:00C8H         PUBLIC        P5
  D:00E8H         PUBLIC        P6
  D:00F8H         PUBLIC        P7
  D:00A8H         PUBLIC        IE
  D:00B8H         PUBLIC        IP
  D:00D8H         PUBLIC        CCON
  C:01E1H         PUBLIC        _Show_Bit
  D:0098H         PUBLIC        SCON
  D:0088H         PUBLIC        TCON
  D:0008H         PUBLIC        com
BL51 BANKED LINKER/LOCATER V6.22                                                      06/17/2020  12:54:26  PAGE 6


  D:0009H         PUBLIC        array_bit
  C:009AH         PUBLIC        _Shou_Digital
  D:0011H         PUBLIC        NUM_CODE
  D:00D0H         PUBLIC        PSW
  -------         PROC          _SHOU_DIGITAL
  D:0023H         SYMBOL        x
  -------         DO            
  D:0003H         SYMBOL        n
  D:0025H         SYMBOL        p
  -------         ENDDO         
  C:009AH         LINE#         11
  C:009EH         LINE#         12
  C:009EH         LINE#         14
  C:00A4H         LINE#         15
  C:00A6H         LINE#         16
  C:00A6H         LINE#         17
  C:00BEH         LINE#         18
  C:00CDH         LINE#         19
  C:00D1H         LINE#         20
  C:00D8H         LINE#         21
  C:00E2H         LINE#         22
  C:00EDH         LINE#         23
  C:00EDH         LINE#         24
  C:00F7H         LINE#         25
  C:0105H         LINE#         26
  C:0105H         LINE#         27
  -------         ENDPROC       _SHOU_DIGITAL
  -------         PROC          _SHOW_BIT
  D:0007H         SYMBOL        x
  -------         DO            
  D:0006H         SYMBOL        i
  -------         ENDDO         
  C:01E1H         LINE#         29
  C:01E1H         LINE#         30
  C:01E1H         LINE#         31
  C:01E3H         LINE#         32
  C:01E6H         LINE#         33
  C:01F1H         LINE#         34
  C:01F7H         LINE#         35
  C:01FFH         LINE#         36
  C:020CH         LINE#         37
  -------         ENDPROC       _SHOW_BIT
  -------         ENDMOD        DIGITAL

  -------         MODULE        ?C?IMUL
  C:0106H         PUBLIC        ?C?IMUL
  -------         ENDMOD        ?C?IMUL

  -------         MODULE        ?C?UIDIV
  C:0118H         PUBLIC        ?C?UIDIV
  -------         ENDMOD        ?C?UIDIV

*** WARNING L16: UNCALLED SEGMENT, IGNORED FOR OVERLAY PROCESS
    SEGMENT: ?PR?_DELAYXMS?ULTRASONIC

Program Size: data=42.0 xdata=0 code=641
LINK/LOCATE RUN COMPLETE.  1 WARNING(S),  0 ERROR(S)
